{"Name":"ruby_sample_xref_app","Type":"rubygem","Repo":"github.com/sgtest/ruby_sample_xref_app","Globs":null,"Files":["lib/use_tire.rb","lib/use_yajl.rb","lib/use_stripe.rb","lib/use_groupdate.rb","lib/use_redis.rb","lib/use_searchkick.rb","lib/use_geocoder.rb","lib/use_barkick.rb"],"Dir":"","Dependencies":[["ruby_sample_xref_app","\u003e= 0"],["tire","~\u003e 0.6.1"],["redis","~\u003e 3.0.5"],["stripe","~\u003e 1.8.8"],["geocoder","~\u003e 1.1.8"],["yajl-ruby","\u003e= 0"],["searchkick","~\u003e 0.2.8"],["groupdate","~\u003e 1.0.4"],["barkick","~\u003e 0.0.2"]],"Data":{"authors":["Quinn Slack"],"bindir":"bin","cert_chain":[],"date":"2013-10-20 00:00:00 UTC","dependencies":[],"description":"A sample Ruby app for use with Sourcegraph","email":"sqs@sourcegraph.com","executables":[],"extensions":[],"extra_rdoc_files":[],"files":["lib/use_tire.rb","lib/use_yajl.rb","lib/use_stripe.rb","lib/use_groupdate.rb","lib/use_redis.rb","lib/use_searchkick.rb","lib/use_geocoder.rb","lib/use_barkick.rb"],"homepage":"https://github.com/sourcegraph/ruby_sample_xref_app","licenses":["MIT"],"metadata":{},"name":"ruby_sample_xref_app","platform":"ruby","rdoc_options":[],"require_paths":["lib/"],"required_ruby_version":"\u003e= 0","required_rubygems_version":"\u003e= 0","requirements":[],"rubygems_version":"2.2.2","specification_version":4,"summary":"Sample Ruby Cross-reference App","test_files":[],"version":"0.0.1"},"Ops":{"depresolve":null,"graph":null}}
