{
  "Defs": [
    {
      "Path": "A",
      "Name": "A",
      "Kind": "type",
      "File": "lib/gem.rb",
      "DefStart": 16,
      "DefEnd": 94,
      "Exported": true,
      "Data": {
        "RubyKind": "class",
        "TypeString": "",
        "Signature": null,
        "Module": "",
        "RubyPath": "A",
        "ReturnType": ""
      },
      "TreePath": "./A"
    },
    {
      "Path": "A/$classmethods/method",
      "Name": "method",
      "Kind": "func",
      "File": "lib/gem.rb",
      "DefStart": 26,
      "DefEnd": 90,
      "Exported": true,
      "Data": {
        "RubyKind": "method",
        "TypeString": "",
        "Signature": "self.method",
        "Module": "",
        "RubyPath": "A.method",
        "ReturnType": ""
      },
      "TreePath": "./A/method"
    },
    {
      "Path": "A@_local_0@method@t",
      "Name": "t",
      "Kind": "var",
      "File": "lib/gem.rb",
      "DefStart": 46,
      "DefEnd": 76,
      "Exported": true,
      "Data": {
        "RubyKind": "localvariable",
        "TypeString": "",
        "Signature": null,
        "Module": "",
        "RubyPath": "A\u003e_local_0\u003emethod\u003et",
        "ReturnType": ""
      },
      "TreePath": "./A/method/t"
    }
  ],
  "Refs": [
    {
      "DefPath": "A/$classmethods/method",
      "Def": true,
      "File": "lib/gem.rb",
      "Start": 35,
      "End": 41
    },
    {
      "DefPath": "A@_local_0@method@t",
      "Def": true,
      "File": "lib/gem.rb",
      "Start": 46,
      "End": 47
    },
    {
      "DefPath": "A@_local_0@method@t",
      "File": "lib/gem.rb",
      "Start": 83,
      "End": 84
    },
    {
      "DefPath": "A",
      "Def": true,
      "File": "lib/gem.rb",
      "Start": 22,
      "End": 23
    },
    {
      "DefPath": "A",
      "File": "lib/gem.rb",
      "Start": 30,
      "End": 34
    },
    {
      "DefRepo": "github.com/ruby/ruby",
      "DefUnitType": "ruby",
      "DefUnit": ".",
      "DefPath": "Time/$classmethods/parse",
      "File": "lib/gem.rb",
      "Start": 55,
      "End": 60
    },
    {
      "DefRepo": "github.com/ruby/ruby",
      "DefUnitType": "ruby",
      "DefUnit": ".",
      "DefPath": "Time",
      "File": "lib/gem.rb",
      "Start": 50,
      "End": 54
    }
  ]
}