{"Name":"ruby_gem1","Type":"rubygem","Repo":"github.com/sgtest/ruby-sample-1","Globs":null,"Files":["lib/gem.rb"],"Dir":"","Data":{"authors":[],"bindir":"bin","cert_chain":[],"date":"2014-08-08 00:00:00 UTC","dependencies":[],"executables":[],"extensions":[],"extra_rdoc_files":[],"files":["lib/gem.rb"],"licenses":[],"name":"ruby_gem1","platform":"ruby","rdoc_options":[],"require_paths":["lib"],"required_ruby_version":"\u003e= 0","required_rubygems_version":"\u003e= 0","requirements":[],"rubygems_version":"1.8.23","specification_version":3,"test_files":[],"version":"0.0.1"},"Ops":{"depresolve":null,"graph":null}}
