{
  "CommitMap": {
    "39f3f1984c59dd57b5c89b67c1831e0ec0cc766d": {
      "ID": "39f3f1984c59dd57b5c89b67c1831e0ec0cc766d",
      "Author": {
        "Name": "Quinn Slack",
        "Email": "qslack@qslack.com"
      },
      "Message": "sample_ruby_gem",
      "AuthorDate": "2013-09-28T06:30:02Z"
    },
    "983392181dc79f8f97bd56ce6374951a77a83160": {
      "ID": "983392181dc79f8f97bd56ce6374951a77a83160",
      "Author": {
        "Name": "Quinn Slack",
        "Email": "qslack@qslack.com"
      },
      "Message": "use ipaddr stdlib lib",
      "AuthorDate": "2013-10-18T08:59:15Z"
    }
  },
  "HunkMap": {
    "lib/sample_ruby_gem.rb": [
      {
        "CommitID": "39f3f1984c59dd57b5c89b67c1831e0ec0cc766d",
        "LineStart": 0,
        "LineEnd": 55,
        "CharStart": 0,
        "CharEnd": 744
      },
      {
        "CommitID": "983392181dc79f8f97bd56ce6374951a77a83160",
        "LineStart": 55,
        "LineEnd": 59,
        "CharStart": 744,
        "CharEnd": 807
      },
      {
        "CommitID": "39f3f1984c59dd57b5c89b67c1831e0ec0cc766d",
        "LineStart": 59,
        "LineEnd": 65,
        "CharStart": 807,
        "CharEnd": 943
      }
    ]
  }
}