{"Name":"rubyprogram","Type":"rubyprogram","Repo":"github.com/sgtest/sample_ruby_gem","Globs":null,"Files":["lib/cases/top_const.rb","lib/cases/global_var.rb","lib/cases/class.rb"],"Dir":".","Data":{"files":["lib/cases/top_const.rb","lib/cases/global_var.rb","lib/cases/class.rb"],"name":"rubyscripts"},"Ops":{"depresolve":null,"graph":null}}
