{
  "Defs": [
    {
      "Path": "A",
      "TreePath": "./A",
      "Name": "A",
      "Kind": "type",
      "File": "lib/cases/class.rb",
      "DefStart": 0,
      "DefEnd": 25,
      "Exported": true,
      "Data": {
        "RubyKind": "class",
        "TypeString": "A",
        "Signature": null,
        "Module": "",
        "RubyPath": "A",
        "ReturnType": ""
      }
    },
    {
      "Path": "A/$methods/f",
      "TreePath": "./A/f",
      "Name": "f",
      "Kind": "func",
      "File": "lib/cases/class.rb",
      "DefStart": 10,
      "DefEnd": 21,
      "Exported": true,
      "Data": {
        "RubyKind": "method",
        "TypeString": "",
        "Signature": "f",
        "Module": "",
        "RubyPath": "A#f",
        "ReturnType": ""
      }
    },
    {
      "Path": "C",
      "TreePath": "./C",
      "Name": "C",
      "Kind": "const",
      "File": "lib/cases/top_const.rb",
      "DefStart": 0,
      "DefEnd": 5,
      "Exported": true,
      "Data": {
        "RubyKind": "constant",
        "TypeString": "Fixnum#",
        "Signature": null,
        "Module": "",
        "RubyPath": "C",
        "ReturnType": ""
      }
    },
    {
      "Path": "file:lib/cases/global_var_rb_local_0@a",
      "TreePath": "./file:lib/cases/global_var_rb_local_0/a",
      "Name": "a",
      "Kind": "var",
      "File": "lib/cases/global_var.rb",
      "DefStart": 0,
      "DefEnd": 5,
      "Exported": true,
      "Data": {
        "RubyKind": "localvariable",
        "TypeString": "Fixnum#",
        "Signature": null,
        "Module": "",
        "RubyPath": "file:lib/cases/global_var.rb_local_0\u003ea",
        "ReturnType": ""
      }
    }
  ],
  "Refs": [
    {
      "DefRepo": "",
      "DefUnitType": "",
      "DefUnit": "",
      "DefPath": "A/$methods/f",
      "Def": true,
      "Repo": "",
      "File": "lib/cases/class.rb",
      "Start": 12,
      "End": 13
    },
    {
      "DefRepo": "",
      "DefUnitType": "",
      "DefUnit": "",
      "DefPath": "A/$methods/f",
      "Def": true,
      "Repo": "",
      "File": "lib/cases/class.rb",
      "Start": 14,
      "End": 15
    },
    {
      "DefRepo": "",
      "DefUnitType": "",
      "DefUnit": "",
      "DefPath": "A/$methods/f",
      "Def": false,
      "Repo": "",
      "File": "lib/cases/class.rb",
      "Start": 35,
      "End": 36
    },
    {
      "DefRepo": "",
      "DefUnitType": "",
      "DefUnit": "",
      "DefPath": "A",
      "Def": false,
      "Repo": "",
      "File": "lib/cases/class.rb",
      "Start": 27,
      "End": 28
    },
    {
      "DefRepo": "",
      "DefUnitType": "",
      "DefUnit": "",
      "DefPath": "A",
      "Def": false,
      "Repo": "",
      "File": "lib/cases/class.rb",
      "Start": 29,
      "End": 30
    },
    {
      "DefRepo": "",
      "DefUnitType": "",
      "DefUnit": "",
      "DefPath": "A",
      "Def": true,
      "Repo": "",
      "File": "lib/cases/class.rb",
      "Start": 6,
      "End": 7
    },
    {
      "DefRepo": "github.com/ruby/ruby",
      "DefUnitType": "ruby",
      "DefUnit": ".",
      "DefPath": "BasicObject/$methods/initialize",
      "Def": false,
      "Repo": "",
      "File": "lib/cases/class.rb",
      "Start": 31,
      "End": 34
    },
    {
      "DefRepo": "",
      "DefUnitType": "",
      "DefUnit": "",
      "DefPath": "C",
      "Def": false,
      "Repo": "",
      "File": "lib/cases/top_const.rb",
      "Start": 0,
      "End": 1
    },
    {
      "DefRepo": "",
      "DefUnitType": "",
      "DefUnit": "",
      "DefPath": "C",
      "Def": false,
      "Repo": "",
      "File": "lib/cases/top_const.rb",
      "Start": 6,
      "End": 7
    },
    {
      "DefRepo": "",
      "DefUnitType": "",
      "DefUnit": "",
      "DefPath": "file:lib/cases/global_var_rb_local_0@a",
      "Def": false,
      "Repo": "",
      "File": "lib/cases/global_var.rb",
      "Start": 0,
      "End": 1
    },
    {
      "DefRepo": "",
      "DefUnitType": "",
      "DefUnit": "",
      "DefPath": "file:lib/cases/global_var_rb_local_0@a",
      "Def": false,
      "Repo": "",
      "File": "lib/cases/global_var.rb",
      "Start": 6,
      "End": 7
    }
  ]
}