{
  "Defs": [
    {
      "Path": "$methods/f",
      "Name": "f",
      "Kind": "func",
      "File": "lib/cases/top_def.rb",
      "DefStart": 0,
      "DefEnd": 12,
      "Exported": true,
      "Data": {
        "RubyKind": "method",
        "TypeString": "#f",
        "Signature": "f(a)",
        "Module": "",
        "RubyPath": "#f",
        "ReturnType": "NilClass#"
      },
      "TreePath": "./f"
    },
    {
      "Path": "C",
      "Name": "C",
      "Kind": "const",
      "File": "lib/cases/top_const.rb",
      "DefStart": 0,
      "DefEnd": 5,
      "Exported": true,
      "Data": {
        "RubyKind": "constant",
        "TypeString": "C, Fixnum#",
        "Signature": null,
        "Module": "",
        "RubyPath": "C",
        "ReturnType": ""
      },
      "TreePath": "./C"
    },
    {
      "Path": "C/$classmethods/ccm",
      "Name": "ccm",
      "Kind": "func",
      "File": "lib/cases/class.rb",
      "DefStart": 10,
      "DefEnd": 27,
      "Exported": true,
      "Data": {
        "RubyKind": "method",
        "TypeString": "C.ccm",
        "Signature": "self.ccm; end",
        "Module": "",
        "RubyPath": "C.ccm",
        "ReturnType": "NilClass#"
      },
      "TreePath": "./C/ccm"
    },
    {
      "Path": "C/$methods/im",
      "Name": "im",
      "Kind": "func",
      "File": "lib/cases/class.rb",
      "DefStart": 30,
      "DefEnd": 41,
      "Exported": true,
      "Data": {
        "RubyKind": "method",
        "TypeString": "C#im",
        "Signature": "im; end",
        "Module": "",
        "RubyPath": "C#im",
        "ReturnType": "NilClass#"
      },
      "TreePath": "./C/im"
    },
    {
      "Path": "C/$methods/im2",
      "Name": "im2",
      "Kind": "func",
      "File": "lib/cases/class.rb",
      "DefStart": 44,
      "DefEnd": 77,
      "Exported": true,
      "Data": {
        "RubyKind": "method",
        "TypeString": "",
        "Signature": "im2;",
        "Module": "",
        "RubyPath": "C#im2",
        "ReturnType": ""
      },
      "TreePath": "./C/im2"
    },
    {
      "Path": "C/$methods/ivdef",
      "Name": "ivdef",
      "Kind": "func",
      "File": "lib/cases/class.rb",
      "DefStart": 100,
      "DefEnd": 141,
      "Exported": true,
      "Data": {
        "RubyKind": "method",
        "TypeString": "",
        "Signature": "ivdef",
        "Module": "",
        "RubyPath": "C#ivdef",
        "ReturnType": ""
      },
      "TreePath": "./C/ivdef"
    },
    {
      "Path": "C/$methods/ivref",
      "Name": "ivref",
      "Kind": "func",
      "File": "lib/cases/class.rb",
      "DefStart": 144,
      "DefEnd": 172,
      "Exported": true,
      "Data": {
        "RubyKind": "method",
        "TypeString": "",
        "Signature": "ivref",
        "Module": "",
        "RubyPath": "C#ivref",
        "ReturnType": ""
      },
      "TreePath": "./C/ivref"
    },
    {
      "Path": "C/$methods/x",
      "Name": "x",
      "Kind": "func",
      "File": "lib/cases/class.rb",
      "DefStart": 81,
      "DefEnd": 97,
      "Exported": true,
      "Data": {
        "RubyKind": "method",
        "TypeString": "NilClass#",
        "Signature": "x",
        "Module": "",
        "RubyPath": "C#x",
        "ReturnType": ""
      },
      "TreePath": "./C/x"
    },
    {
      "Path": "C/$methods/x=",
      "Name": "x=",
      "Kind": "func",
      "File": "lib/cases/class.rb",
      "DefStart": 81,
      "DefEnd": 97,
      "Exported": true,
      "Data": {
        "RubyKind": "method",
        "TypeString": "",
        "Signature": "x=(value)",
        "Module": "",
        "RubyPath": "C#x=",
        "ReturnType": ""
      },
      "TreePath": "./C/x="
    },
    {
      "Path": "C/@x",
      "Name": "@x",
      "Kind": "var",
      "File": "lib/cases/class.rb",
      "DefStart": 114,
      "DefEnd": 120,
      "Data": {
        "RubyKind": "instancevariable",
        "TypeString": "Fixnum#",
        "Signature": null,
        "Module": "",
        "RubyPath": "C::@x",
        "ReturnType": ""
      },
      "TreePath": "./C/@x"
    },
    {
      "Path": "C/D",
      "Name": "D",
      "Kind": "type",
      "File": "lib/cases/class.rb",
      "DefStart": 176,
      "DefEnd": 231,
      "Exported": true,
      "Data": {
        "RubyKind": "class",
        "TypeString": "C::D",
        "Signature": null,
        "Module": "",
        "RubyPath": "C::D",
        "ReturnType": ""
      },
      "TreePath": "./C/D"
    },
    {
      "Path": "C/D/$classmethods/dcm",
      "Name": "dcm",
      "Kind": "func",
      "File": "lib/cases/class.rb",
      "DefStart": 190,
      "DefEnd": 207,
      "Exported": true,
      "Data": {
        "RubyKind": "method",
        "TypeString": "C::D.dcm",
        "Signature": "self.dcm; end",
        "Module": "",
        "RubyPath": "C::D.dcm",
        "ReturnType": "NilClass#"
      },
      "TreePath": "./C/D/dcm"
    },
    {
      "Path": "C/D/$methods/im",
      "Name": "im",
      "Kind": "func",
      "File": "lib/cases/class.rb",
      "DefStart": 214,
      "DefEnd": 225,
      "Exported": true,
      "Data": {
        "RubyKind": "method",
        "TypeString": "",
        "Signature": "im; end",
        "Module": "",
        "RubyPath": "C::D#im",
        "ReturnType": ""
      },
      "TreePath": "./C/D/im"
    },
    {
      "Path": "M",
      "Name": "M",
      "Kind": "module",
      "File": "lib/cases/module.rb",
      "DefStart": 0,
      "DefEnd": 40,
      "Exported": true,
      "Data": {
        "RubyKind": "module",
        "TypeString": "",
        "Signature": null,
        "Module": "",
        "RubyPath": "M",
        "ReturnType": ""
      },
      "TreePath": "./M"
    },
    {
      "Path": "M/N",
      "Name": "N",
      "Kind": "module",
      "File": "lib/cases/module.rb",
      "DefStart": 11,
      "DefEnd": 31,
      "Exported": true,
      "Data": {
        "RubyKind": "module",
        "TypeString": "",
        "Signature": null,
        "Module": "M",
        "RubyPath": "M::N",
        "ReturnType": ""
      },
      "TreePath": "./M/N"
    },
    {
      "Path": "MY_GLOBAL_CONST",
      "Name": "MY_GLOBAL_CONST",
      "Kind": "const",
      "File": "lib/ruby_gem.rb",
      "DefStart": 564,
      "DefEnd": 585,
      "Exported": true,
      "Data": {
        "RubyKind": "constant",
        "TypeString": "Fixnum#",
        "Signature": null,
        "Module": "",
        "RubyPath": "MY_GLOBAL_CONST",
        "ReturnType": ""
      },
      "TreePath": "./MY_GLOBAL_CONST"
    },
    {
      "Path": "MY_SAMPLE",
      "Name": "MY_SAMPLE",
      "Kind": "const",
      "File": "lib/ruby_gem.rb",
      "DefStart": 747,
      "DefEnd": 772,
      "Exported": true,
      "Data": {
        "RubyKind": "constant",
        "TypeString": "Sample#",
        "Signature": null,
        "Module": "",
        "RubyPath": "MY_SAMPLE",
        "ReturnType": ""
      },
      "TreePath": "./MY_SAMPLE"
    },
    {
      "Path": "Sample",
      "Name": "Sample",
      "Kind": "type",
      "File": "lib/ruby_gem.rb",
      "DefStart": 0,
      "DefEnd": 562,
      "Exported": true,
      "Data": {
        "RubyKind": "class",
        "TypeString": "Sample",
        "Signature": null,
        "Module": "",
        "RubyPath": "Sample",
        "ReturnType": ""
      },
      "TreePath": "./Sample"
    },
    {
      "Path": "Sample/$classmethods/my_array",
      "Name": "my_array",
      "Kind": "func",
      "File": "lib/ruby_gem.rb",
      "DefStart": 320,
      "DefEnd": 363,
      "Exported": true,
      "Data": {
        "RubyKind": "method",
        "TypeString": "",
        "Signature": "self.my_array",
        "Module": "",
        "RubyPath": "Sample.my_array",
        "ReturnType": ""
      },
      "TreePath": "./Sample/my_array"
    },
    {
      "Path": "Sample/$classmethods/my_bool",
      "Name": "my_bool",
      "Kind": "func",
      "File": "lib/ruby_gem.rb",
      "DefStart": 176,
      "DefEnd": 207,
      "Exported": true,
      "Data": {
        "RubyKind": "method",
        "TypeString": "",
        "Signature": "self.my_bool",
        "Module": "",
        "RubyPath": "Sample.my_bool",
        "ReturnType": ""
      },
      "TreePath": "./Sample/my_bool"
    },
    {
      "Path": "Sample/$classmethods/my_hash",
      "Name": "my_hash",
      "Kind": "func",
      "File": "lib/ruby_gem.rb",
      "DefStart": 238,
      "DefEnd": 288,
      "Exported": true,
      "Data": {
        "RubyKind": "method",
        "TypeString": "Sample.my_hash",
        "Signature": "self.my_hash",
        "Module": "",
        "RubyPath": "Sample.my_hash",
        "ReturnType": "Hash#"
      },
      "TreePath": "./Sample/my_hash"
    },
    {
      "Path": "Sample/$classmethods/my_int",
      "Name": "my_int",
      "Kind": "func",
      "File": "lib/ruby_gem.rb",
      "DefStart": 116,
      "DefEnd": 145,
      "Exported": true,
      "Data": {
        "RubyKind": "method",
        "TypeString": "",
        "Signature": "self.my_int",
        "Module": "",
        "RubyPath": "Sample.my_int",
        "ReturnType": ""
      },
      "TreePath": "./Sample/my_int"
    },
    {
      "Path": "Sample/$classmethods/my_string",
      "Name": "my_string",
      "Kind": "func",
      "File": "lib/ruby_gem.rb",
      "DefStart": 44,
      "DefEnd": 86,
      "Exported": true,
      "Data": {
        "RubyKind": "method",
        "TypeString": "",
        "Signature": "self.my_string",
        "Module": "",
        "RubyPath": "Sample.my_string",
        "ReturnType": ""
      },
      "TreePath": "./Sample/my_string"
    },
    {
      "Path": "Sample/$methods/initialize",
      "Name": "initialize",
      "Kind": "func",
      "File": "lib/ruby_gem.rb",
      "DefStart": 367,
      "DefEnd": 401,
      "Exported": true,
      "Data": {
        "RubyKind": "method",
        "TypeString": "",
        "Signature": "initialize(i)",
        "Module": "",
        "RubyPath": "Sample#initialize",
        "ReturnType": ""
      },
      "TreePath": "./Sample/initialize"
    },
    {
      "Path": "Sample/$methods/my_method",
      "Name": "my_method",
      "Kind": "func",
      "File": "lib/ruby_gem.rb",
      "DefStart": 405,
      "DefEnd": 540,
      "Exported": true,
      "Data": {
        "RubyKind": "method",
        "TypeString": "",
        "Signature": "my_method(a, b)",
        "Module": "",
        "RubyPath": "Sample#my_method",
        "ReturnType": ""
      },
      "TreePath": "./Sample/my_method"
    },
    {
      "Path": "Sample/@i",
      "Name": "@i",
      "Kind": "var",
      "File": "lib/ruby_gem.rb",
      "DefStart": 389,
      "DefEnd": 395,
      "Data": {
        "RubyKind": "instancevariable",
        "TypeString": "",
        "Signature": null,
        "Module": "",
        "RubyPath": "Sample::@i",
        "ReturnType": ""
      },
      "TreePath": "./Sample/@i"
    },
    {
      "Path": "Sample/MY_CONST",
      "Name": "MY_CONST",
      "Kind": "const",
      "File": "lib/ruby_gem.rb",
      "DefStart": 544,
      "DefEnd": 558,
      "Exported": true,
      "Data": {
        "RubyKind": "constant",
        "TypeString": "Fixnum#",
        "Signature": null,
        "Module": "",
        "RubyPath": "Sample::MY_CONST",
        "ReturnType": ""
      },
      "TreePath": "./Sample/MY_CONST"
    },
    {
      "Path": "Sample@_local_0@/$methods/initialize@i",
      "Name": "i",
      "Kind": "var",
      "File": "lib/ruby_gem.rb",
      "DefStart": 382,
      "DefEnd": 383,
      "Exported": true,
      "Data": {
        "RubyKind": "localvariable",
        "TypeString": "",
        "Signature": null,
        "Module": "",
        "RubyPath": "Sample\u003e_local_0\u003e#initialize\u003ei",
        "ReturnType": ""
      },
      "TreePath": "./Sample/initialize/i"
    },
    {
      "Path": "Sample@_local_0@/$methods/my_method@a",
      "Name": "a",
      "Kind": "var",
      "File": "lib/ruby_gem.rb",
      "DefStart": 419,
      "DefEnd": 420,
      "Exported": true,
      "Data": {
        "RubyKind": "localvariable",
        "TypeString": "",
        "Signature": null,
        "Module": "",
        "RubyPath": "Sample\u003e_local_0\u003e#my_method\u003ea",
        "ReturnType": ""
      },
      "TreePath": "./Sample/my_method/a"
    },
    {
      "Path": "Sample@_local_0@/$methods/my_method@b",
      "Name": "b",
      "Kind": "var",
      "File": "lib/ruby_gem.rb",
      "DefStart": 439,
      "DefEnd": 449,
      "Exported": true,
      "Data": {
        "RubyKind": "localvariable",
        "TypeString": "String#",
        "Signature": null,
        "Module": "",
        "RubyPath": "Sample\u003e_local_0\u003e#my_method\u003eb",
        "ReturnType": ""
      },
      "TreePath": "./Sample/my_method/b"
    },
    {
      "Path": "Sample@_local_0@/$methods/my_method@c",
      "Name": "c",
      "Kind": "var",
      "File": "lib/ruby_gem.rb",
      "DefStart": 429,
      "DefEnd": 434,
      "Exported": true,
      "Data": {
        "RubyKind": "localvariable",
        "TypeString": "Fixnum#",
        "Signature": null,
        "Module": "",
        "RubyPath": "Sample\u003e_local_0\u003e#my_method\u003ec",
        "ReturnType": ""
      },
      "TreePath": "./Sample/my_method/c"
    },
    {
      "Path": "Sample@_local_0@/$methods/my_method@l",
      "Name": "l",
      "Kind": "var",
      "File": "lib/ruby_gem.rb",
      "DefStart": 454,
      "DefEnd": 466,
      "Exported": true,
      "Data": {
        "RubyKind": "localvariable",
        "TypeString": "",
        "Signature": null,
        "Module": "",
        "RubyPath": "Sample\u003e_local_0\u003e#my_method\u003el",
        "ReturnType": ""
      },
      "TreePath": "./Sample/my_method/l"
    },
    {
      "Path": "file:lib/cases/core_rb_local_0@@block_local_0@n",
      "Name": "n",
      "Kind": "var",
      "File": "lib/cases/core.rb",
      "DefStart": 26,
      "DefEnd": 27,
      "Exported": true,
      "Data": {
        "RubyKind": "localvariable",
        "TypeString": "",
        "Signature": null,
        "Module": "",
        "RubyPath": "file:lib/cases/core.rb_local_0\u003e@block_local_0\u003en",
        "ReturnType": ""
      },
      "TreePath": "./file:lib/cases/core_rb_local_0/@block_local_0/n"
    },
    {
      "Path": "file:lib/cases/global_var_rb_local_0@a",
      "Name": "a",
      "Kind": "var",
      "File": "lib/cases/global_var.rb",
      "DefStart": 0,
      "DefEnd": 5,
      "Exported": true,
      "Data": {
        "RubyKind": "localvariable",
        "TypeString": "Fixnum#",
        "Signature": null,
        "Module": "",
        "RubyPath": "file:lib/cases/global_var.rb_local_0\u003ea",
        "ReturnType": ""
      },
      "TreePath": "./file:lib/cases/global_var_rb_local_0/a"
    },
    {
      "Path": "file:lib/cases/stdlib_rb_local_0@u",
      "Name": "u",
      "Kind": "var",
      "File": "lib/cases/stdlib.rb",
      "DefStart": 14,
      "DefEnd": 49,
      "Exported": true,
      "Data": {
        "RubyKind": "localvariable",
        "TypeString": "",
        "Signature": null,
        "Module": "",
        "RubyPath": "file:lib/cases/stdlib.rb_local_0\u003eu",
        "ReturnType": ""
      },
      "TreePath": "./file:lib/cases/stdlib_rb_local_0/u"
    },
    {
      "Path": "file:lib/cases/top_def_rb_local_0@/$methods/f@a",
      "Name": "a",
      "Kind": "var",
      "File": "lib/cases/top_def.rb",
      "DefStart": 6,
      "DefEnd": 7,
      "Exported": true,
      "Data": {
        "RubyKind": "localvariable",
        "TypeString": "",
        "Signature": null,
        "Module": "",
        "RubyPath": "file:lib/cases/top_def.rb_local_0\u003e#f\u003ea",
        "ReturnType": ""
      },
      "TreePath": "./file:lib/cases/top_def_rb_local_0/f/a"
    },
    {
      "Path": "file:lib/ruby_gem_rb_local_0@@block_local_1@t",
      "Name": "t",
      "Kind": "var",
      "File": "lib/ruby_gem.rb",
      "DefStart": 642,
      "DefEnd": 643,
      "Exported": true,
      "Data": {
        "RubyKind": "localvariable",
        "TypeString": "",
        "Signature": null,
        "Module": "",
        "RubyPath": "file:lib/ruby_gem.rb_local_0\u003e@block_local_1\u003et",
        "ReturnType": ""
      },
      "TreePath": "./file:lib/ruby_gem_rb_local_0/@block_local_1/t"
    },
    {
      "Path": "file:lib/ruby_gem_rb_local_0@b64",
      "Name": "b64",
      "Kind": "var",
      "File": "lib/ruby_gem.rb",
      "DefStart": 676,
      "DefEnd": 688,
      "Exported": true,
      "Data": {
        "RubyKind": "localvariable",
        "TypeString": "",
        "Signature": null,
        "Module": "",
        "RubyPath": "file:lib/ruby_gem.rb_local_0\u003eb64",
        "ReturnType": ""
      },
      "TreePath": "./file:lib/ruby_gem_rb_local_0/b64"
    },
    {
      "Path": "file:lib/ruby_gem_rb_local_0@foo",
      "Name": "foo",
      "Kind": "var",
      "File": "lib/ruby_gem.rb",
      "DefStart": 710,
      "DefEnd": 735,
      "Exported": true,
      "Data": {
        "RubyKind": "localvariable",
        "TypeString": "",
        "Signature": null,
        "Module": "",
        "RubyPath": "file:lib/ruby_gem.rb_local_0\u003efoo",
        "ReturnType": ""
      },
      "TreePath": "./file:lib/ruby_gem_rb_local_0/foo"
    },
    {
      "Path": "file:lib/ruby_gem_rb_local_0@my_global_var",
      "Name": "my_global_var",
      "Kind": "var",
      "File": "lib/ruby_gem.rb",
      "DefStart": 587,
      "DefEnd": 619,
      "Exported": true,
      "Data": {
        "RubyKind": "localvariable",
        "TypeString": "String#",
        "Signature": null,
        "Module": "",
        "RubyPath": "file:lib/ruby_gem.rb_local_0\u003emy_global_var",
        "ReturnType": ""
      },
      "TreePath": "./file:lib/ruby_gem_rb_local_0/my_global_var"
    },
    {
      "Path": "file:lib/ruby_gem_rb_local_0@my_sample",
      "Name": "my_sample",
      "Kind": "var",
      "File": "lib/ruby_gem.rb",
      "DefStart": 773,
      "DefEnd": 794,
      "Exported": true,
      "Data": {
        "RubyKind": "localvariable",
        "TypeString": "Sample#",
        "Signature": null,
        "Module": "",
        "RubyPath": "file:lib/ruby_gem.rb_local_0\u003emy_sample",
        "ReturnType": ""
      },
      "TreePath": "./file:lib/ruby_gem_rb_local_0/my_sample"
    }
  ],
  "Refs": [
    {
      "DefPath": "$methods/f",
      "File": "lib/cases/top_def.rb",
      "Start": 14,
      "End": 15
    },
    {
      "DefPath": "$methods/f",
      "Def": true,
      "File": "lib/cases/top_def.rb",
      "Start": 2,
      "End": 3
    },
    {
      "DefPath": "$methods/f",
      "Def": true,
      "File": "lib/cases/top_def.rb",
      "Start": 4,
      "End": 5
    },
    {
      "DefRepo": "github.com/ruby/ruby",
      "DefUnitType": "ruby",
      "DefUnit": ".",
      "DefPath": "Array/$methods/each",
      "File": "lib/ruby_gem.rb",
      "Start": 633,
      "End": 637
    },
    {
      "DefRepo": "github.com/ruby/ruby",
      "DefUnitType": "ruby",
      "DefUnit": ".",
      "DefPath": "Array/$methods/map",
      "File": "lib/cases/core.rb",
      "Start": 19,
      "End": 22
    },
    {
      "DefRepo": "github.com/ruby/ruby",
      "DefUnitType": "ruby",
      "DefUnit": ".",
      "DefPath": "Array",
      "File": "lib/ruby_gem.rb",
      "Start": 622,
      "End": 627
    },
    {
      "DefRepo": "github.com/ruby/ruby",
      "DefUnitType": "ruby",
      "DefUnit": ".",
      "DefPath": "Base64",
      "File": "lib/ruby_gem.rb",
      "Start": 682,
      "End": 688
    },
    {
      "DefRepo": "github.com/ruby/ruby",
      "DefUnitType": "ruby",
      "DefUnit": ".",
      "DefPath": "BasicObject/$methods/initialize",
      "File": "lib/cases/class.rb",
      "Start": 239,
      "End": 242
    },
    {
      "DefRepo": "github.com/ruby/ruby",
      "DefUnitType": "ruby",
      "DefUnit": ".",
      "DefPath": "BasicObject/$methods/initialize",
      "File": "lib/cases/class.rb",
      "Start": 257,
      "End": 260
    },
    {
      "DefPath": "C/$classmethods/ccm",
      "Def": true,
      "File": "lib/cases/class.rb",
      "Start": 19,
      "End": 22
    },
    {
      "DefPath": "C/$classmethods/ccm",
      "File": "lib/cases/class.rb",
      "Start": 248,
      "End": 251
    },
    {
      "DefPath": "C/$methods/im2",
      "Def": true,
      "File": "lib/cases/class.rb",
      "Start": 48,
      "End": 51
    },
    {
      "DefPath": "C/$methods/im",
      "Def": true,
      "File": "lib/cases/class.rb",
      "Start": 218,
      "End": 220
    },
    {
      "DefPath": "C/$methods/im",
      "File": "lib/cases/class.rb",
      "Start": 243,
      "End": 245
    },
    {
      "DefPath": "C/$methods/im",
      "Def": true,
      "File": "lib/cases/class.rb",
      "Start": 34,
      "End": 36
    },
    {
      "DefPath": "C/$methods/im",
      "File": "lib/cases/class.rb",
      "Start": 57,
      "End": 59
    },
    {
      "DefPath": "C/$methods/im",
      "File": "lib/cases/class.rb",
      "Start": 69,
      "End": 71
    },
    {
      "DefPath": "C/$methods/ivdef",
      "Def": true,
      "File": "lib/cases/class.rb",
      "Start": 104,
      "End": 109
    },
    {
      "DefPath": "C/$methods/ivref",
      "Def": true,
      "File": "lib/cases/class.rb",
      "Start": 148,
      "End": 153
    },
    {
      "DefPath": "C/$methods/x=",
      "Def": true,
      "File": "lib/cases/class.rb",
      "Start": 104,
      "End": 106
    },
    {
      "DefPath": "C/$methods/x",
      "File": "lib/cases/class.rb",
      "Start": 165,
      "End": 166
    },
    {
      "DefPath": "C/$methods/x",
      "Def": true,
      "File": "lib/cases/class.rb",
      "Start": 96,
      "End": 97
    },
    {
      "DefPath": "C/@x",
      "Def": true,
      "File": "lib/cases/class.rb",
      "Start": 114,
      "End": 116
    },
    {
      "DefPath": "C/@x",
      "File": "lib/cases/class.rb",
      "Start": 158,
      "End": 160
    },
    {
      "DefPath": "C/D/$classmethods/dcm",
      "Def": true,
      "File": "lib/cases/class.rb",
      "Start": 199,
      "End": 202
    },
    {
      "DefPath": "C/D/$classmethods/dcm",
      "File": "lib/cases/class.rb",
      "Start": 269,
      "End": 272
    },
    {
      "DefPath": "C/D/$methods/im",
      "Def": true,
      "File": "lib/cases/class.rb",
      "Start": 218,
      "End": 220
    },
    {
      "DefPath": "C/D/$methods/im",
      "File": "lib/cases/class.rb",
      "Start": 261,
      "End": 263
    },
    {
      "DefPath": "C/D",
      "Def": true,
      "File": "lib/cases/class.rb",
      "Start": 182,
      "End": 183
    },
    {
      "DefPath": "C/D",
      "File": "lib/cases/class.rb",
      "Start": 194,
      "End": 198
    },
    {
      "DefPath": "C/D",
      "File": "lib/cases/class.rb",
      "Start": 255,
      "End": 256
    },
    {
      "DefPath": "C/D",
      "File": "lib/cases/class.rb",
      "Start": 267,
      "End": 268
    },
    {
      "DefPath": "C",
      "File": "lib/cases/class.rb",
      "Start": 125,
      "End": 129
    },
    {
      "DefPath": "C",
      "File": "lib/cases/class.rb",
      "Start": 14,
      "End": 18
    },
    {
      "DefPath": "C",
      "File": "lib/cases/class.rb",
      "Start": 237,
      "End": 238
    },
    {
      "DefPath": "C",
      "File": "lib/cases/class.rb",
      "Start": 246,
      "End": 247
    },
    {
      "DefPath": "C",
      "File": "lib/cases/class.rb",
      "Start": 252,
      "End": 253
    },
    {
      "DefPath": "C",
      "File": "lib/cases/class.rb",
      "Start": 264,
      "End": 265
    },
    {
      "DefPath": "C",
      "File": "lib/cases/class.rb",
      "Start": 64,
      "End": 68
    },
    {
      "DefPath": "C",
      "Def": true,
      "File": "lib/cases/class.rb",
      "Start": 6,
      "End": 7
    },
    {
      "DefPath": "C",
      "File": "lib/cases/top_const.rb",
      "Start": 0,
      "End": 1
    },
    {
      "DefPath": "C",
      "File": "lib/cases/top_const.rb",
      "Start": 6,
      "End": 7
    },
    {
      "DefPath": "M/N",
      "Def": true,
      "File": "lib/cases/module.rb",
      "Start": 18,
      "End": 19
    },
    {
      "DefPath": "M/N",
      "File": "lib/cases/module.rb",
      "Start": 35,
      "End": 36
    },
    {
      "DefPath": "M/N",
      "File": "lib/cases/module.rb",
      "Start": 47,
      "End": 48
    },
    {
      "DefPath": "M/N",
      "File": "lib/cases/module.rb",
      "Start": 58,
      "End": 59
    },
    {
      "DefPath": "MY_GLOBAL_CONST",
      "Def": true,
      "File": "lib/ruby_gem.rb",
      "Start": 564,
      "End": 579
    },
    {
      "DefPath": "MY_SAMPLE",
      "Def": true,
      "File": "lib/ruby_gem.rb",
      "Start": 747,
      "End": 756
    },
    {
      "DefPath": "MY_SAMPLE",
      "File": "lib/ruby_gem.rb",
      "Start": 785,
      "End": 794
    },
    {
      "DefPath": "M",
      "File": "lib/cases/module.rb",
      "Start": 24,
      "End": 25
    },
    {
      "DefPath": "M",
      "File": "lib/cases/module.rb",
      "Start": 42,
      "End": 43
    },
    {
      "DefPath": "M",
      "File": "lib/cases/module.rb",
      "Start": 44,
      "End": 45
    },
    {
      "DefPath": "M",
      "File": "lib/cases/module.rb",
      "Start": 49,
      "End": 52
    },
    {
      "DefPath": "M",
      "File": "lib/cases/module.rb",
      "Start": 53,
      "End": 56
    },
    {
      "DefPath": "M",
      "Def": true,
      "File": "lib/cases/module.rb",
      "Start": 7,
      "End": 8
    },
    {
      "DefPath": "Sample/$classmethods/my_array",
      "Def": true,
      "File": "lib/ruby_gem.rb",
      "Start": 329,
      "End": 337
    },
    {
      "DefPath": "Sample/$classmethods/my_bool",
      "Def": true,
      "File": "lib/ruby_gem.rb",
      "Start": 185,
      "End": 192
    },
    {
      "DefPath": "Sample/$classmethods/my_hash",
      "Def": true,
      "File": "lib/ruby_gem.rb",
      "Start": 247,
      "End": 254
    },
    {
      "DefPath": "Sample/$classmethods/my_hash",
      "File": "lib/ruby_gem.rb",
      "Start": 875,
      "End": 882
    },
    {
      "DefPath": "Sample/$classmethods/my_int",
      "Def": true,
      "File": "lib/ruby_gem.rb",
      "Start": 125,
      "End": 131
    },
    {
      "DefPath": "Sample/$classmethods/my_string",
      "Def": true,
      "File": "lib/ruby_gem.rb",
      "Start": 53,
      "End": 62
    },
    {
      "DefPath": "Sample/$methods/initialize",
      "Def": true,
      "File": "lib/ruby_gem.rb",
      "Start": 371,
      "End": 381
    },
    {
      "DefPath": "Sample/$methods/initialize",
      "File": "lib/ruby_gem.rb",
      "Start": 766,
      "End": 769
    },
    {
      "DefPath": "Sample/$methods/my_method",
      "Def": true,
      "File": "lib/ruby_gem.rb",
      "Start": 409,
      "End": 418
    },
    {
      "DefPath": "Sample/$methods/my_method",
      "File": "lib/ruby_gem.rb",
      "Start": 805,
      "End": 814
    },
    {
      "DefPath": "Sample/@i",
      "Def": true,
      "File": "lib/ruby_gem.rb",
      "Start": 389,
      "End": 391
    },
    {
      "DefPath": "Sample/@i",
      "File": "lib/ruby_gem.rb",
      "Start": 479,
      "End": 481
    },
    {
      "DefPath": "Sample/@i",
      "File": "lib/ruby_gem.rb",
      "Start": 527,
      "End": 529
    },
    {
      "DefPath": "Sample/MY_CONST",
      "Def": true,
      "File": "lib/ruby_gem.rb",
      "Start": 544,
      "End": 552
    },
    {
      "DefPath": "Sample@_local_0@/$methods/initialize@i",
      "Def": true,
      "File": "lib/ruby_gem.rb",
      "Start": 371,
      "End": 372
    },
    {
      "DefPath": "Sample@_local_0@/$methods/initialize@i",
      "File": "lib/ruby_gem.rb",
      "Start": 394,
      "End": 395
    },
    {
      "DefPath": "Sample@_local_0@/$methods/my_method@a",
      "Def": true,
      "File": "lib/ruby_gem.rb",
      "Start": 419,
      "End": 420
    },
    {
      "DefPath": "Sample@_local_0@/$methods/my_method@a",
      "File": "lib/ruby_gem.rb",
      "Start": 510,
      "End": 511
    },
    {
      "DefPath": "Sample@_local_0@/$methods/my_method@b",
      "Def": true,
      "File": "lib/ruby_gem.rb",
      "Start": 439,
      "End": 440
    },
    {
      "DefPath": "Sample@_local_0@/$methods/my_method@b",
      "File": "lib/ruby_gem.rb",
      "Start": 458,
      "End": 459
    },
    {
      "DefPath": "Sample@_local_0@/$methods/my_method@b",
      "File": "lib/ruby_gem.rb",
      "Start": 486,
      "End": 487
    },
    {
      "DefPath": "Sample@_local_0@/$methods/my_method@b",
      "File": "lib/ruby_gem.rb",
      "Start": 518,
      "End": 519
    },
    {
      "DefPath": "Sample@_local_0@/$methods/my_method@c",
      "Def": true,
      "File": "lib/ruby_gem.rb",
      "Start": 429,
      "End": 430
    },
    {
      "DefPath": "Sample@_local_0@/$methods/my_method@l",
      "Def": true,
      "File": "lib/ruby_gem.rb",
      "Start": 454,
      "End": 455
    },
    {
      "DefPath": "Sample@_local_0@/$methods/my_method@l",
      "File": "lib/ruby_gem.rb",
      "Start": 502,
      "End": 503
    },
    {
      "DefPath": "Sample",
      "File": "lib/ruby_gem.rb",
      "Start": 120,
      "End": 124
    },
    {
      "DefPath": "Sample",
      "File": "lib/ruby_gem.rb",
      "Start": 180,
      "End": 184
    },
    {
      "DefPath": "Sample",
      "File": "lib/ruby_gem.rb",
      "Start": 242,
      "End": 246
    },
    {
      "DefPath": "Sample",
      "File": "lib/ruby_gem.rb",
      "Start": 324,
      "End": 328
    },
    {
      "DefPath": "Sample",
      "File": "lib/ruby_gem.rb",
      "Start": 48,
      "End": 52
    },
    {
      "DefPath": "Sample",
      "Def": true,
      "File": "lib/ruby_gem.rb",
      "Start": 6,
      "End": 12
    },
    {
      "DefPath": "Sample",
      "File": "lib/ruby_gem.rb",
      "Start": 759,
      "End": 765
    },
    {
      "DefPath": "Sample",
      "File": "lib/ruby_gem.rb",
      "Start": 868,
      "End": 874
    },
    {
      "DefRepo": "github.com/ruby/ruby",
      "DefUnitType": "ruby",
      "DefUnit": ".",
      "DefPath": "String/$methods/length",
      "File": "lib/cases/core.rb",
      "Start": 6,
      "End": 12
    },
    {
      "DefRepo": "github.com/ruby/ruby",
      "DefUnitType": "ruby",
      "DefUnit": ".",
      "DefPath": "String/$methods/length",
      "File": "lib/ruby_gem.rb",
      "Start": 460,
      "End": 466
    },
    {
      "DefRepo": "github.com/ruby/ruby",
      "DefUnitType": "ruby",
      "DefUnit": ".",
      "DefPath": "URI/$classmethods/parse",
      "File": "lib/cases/stdlib.rb",
      "Start": 22,
      "End": 27
    },
    {
      "DefRepo": "github.com/ruby/ruby",
      "DefUnitType": "ruby",
      "DefUnit": ".",
      "DefPath": "URI",
      "File": "lib/cases/stdlib.rb",
      "Start": 18,
      "End": 21
    },
    {
      "DefPath": "file:lib/cases/core_rb_local_0@@block_local_0@n",
      "Def": true,
      "File": "lib/cases/core.rb",
      "Start": 26,
      "End": 27
    },
    {
      "DefPath": "file:lib/cases/core_rb_local_0@@block_local_0@n",
      "File": "lib/cases/core.rb",
      "Start": 29,
      "End": 30
    },
    {
      "DefPath": "file:lib/cases/global_var_rb_local_0@a",
      "File": "lib/cases/global_var.rb",
      "Start": 0,
      "End": 1
    },
    {
      "DefPath": "file:lib/cases/global_var_rb_local_0@a",
      "File": "lib/cases/global_var.rb",
      "Start": 6,
      "End": 7
    },
    {
      "DefPath": "file:lib/cases/stdlib_rb_local_0@u",
      "Def": true,
      "File": "lib/cases/stdlib.rb",
      "Start": 14,
      "End": 15
    },
    {
      "DefPath": "file:lib/cases/stdlib_rb_local_0@u",
      "File": "lib/cases/stdlib.rb",
      "Start": 50,
      "End": 51
    },
    {
      "DefPath": "file:lib/cases/top_def_rb_local_0@/$methods/f@a",
      "Def": true,
      "File": "lib/cases/top_def.rb",
      "Start": 6,
      "End": 7
    },
    {
      "DefPath": "file:lib/ruby_gem_rb_local_0@@block_local_1@t",
      "Def": true,
      "File": "lib/ruby_gem.rb",
      "Start": 642,
      "End": 643
    },
    {
      "DefPath": "file:lib/ruby_gem_rb_local_0@@block_local_1@t",
      "File": "lib/ruby_gem.rb",
      "Start": 652,
      "End": 653
    },
    {
      "DefPath": "file:lib/ruby_gem_rb_local_0@b64",
      "Def": true,
      "File": "lib/ruby_gem.rb",
      "Start": 676,
      "End": 679
    },
    {
      "DefPath": "file:lib/ruby_gem_rb_local_0@b64",
      "File": "lib/ruby_gem.rb",
      "Start": 716,
      "End": 719
    },
    {
      "DefPath": "file:lib/ruby_gem_rb_local_0@foo",
      "Def": true,
      "File": "lib/ruby_gem.rb",
      "Start": 710,
      "End": 713
    },
    {
      "DefPath": "file:lib/ruby_gem_rb_local_0@foo",
      "File": "lib/ruby_gem.rb",
      "Start": 742,
      "End": 745
    },
    {
      "DefPath": "file:lib/ruby_gem_rb_local_0@my_global_var",
      "Def": true,
      "File": "lib/ruby_gem.rb",
      "Start": 587,
      "End": 600
    },
    {
      "DefPath": "file:lib/ruby_gem_rb_local_0@my_sample",
      "Def": true,
      "File": "lib/ruby_gem.rb",
      "Start": 773,
      "End": 782
    },
    {
      "DefPath": "file:lib/ruby_gem_rb_local_0@my_sample",
      "File": "lib/ruby_gem.rb",
      "Start": 795,
      "End": 804
    },
    {
      "DefPath": "file:lib/ruby_gem_rb_local_0@my_sample",
      "File": "lib/ruby_gem.rb",
      "Start": 839,
      "End": 848
    }
  ],
  "Docs": [
    {
      "Path": "C/$methods/x",
      "Format": "text/html",
      "Data": "\u003cdiv class=\"method_body\"\u003e\u003cdiv class=\"docstring\"\u003e\n  \u003cdiv class=\"discussion\"\u003e\n    \n\u003cp\u003eReturns the value of attribute x\u003c/p\u003e\n\n\n  \u003c/div\u003e\n\u003c/div\u003e\n\u003cdiv class=\"tags\"\u003e\n  \n\n\u003c/div\u003e\u003c/div\u003e",
      "File": "lib/cases/class.rb"
    },
    {
      "Path": "C/$methods/x=",
      "Format": "text/html",
      "Data": "\u003cdiv class=\"method_body\"\u003e\u003cdiv class=\"docstring\"\u003e\n  \u003cdiv class=\"discussion\"\u003e\n    \n\u003cp\u003eSets the attribute x\u003c/p\u003e\n\n\n  \u003c/div\u003e\n\u003c/div\u003e\n\u003cdiv class=\"tags\"\u003e\n  \u003cp class=\"tag_title\"\u003eParameters:\u003c/p\u003e\n\u003cul class=\"param\"\u003e\n  \n    \u003cli\u003e\n      \n        \u003cspan class='name'\u003evalue\u003c/span\u003e\n      \n      \n        \u003cspan class='type'\u003e\u003c/span\u003e\n      \n      \n      \n        \u0026mdash;\n        \u003cdiv class='inline'\u003e\n\u003cp\u003ethe value to set the attribute x to.\u003c/p\u003e\n\u003c/div\u003e\n      \n    \u003c/li\u003e\n  \n\u003c/ul\u003e\n\n\n\u003c/div\u003e\u003c/div\u003e",
      "File": "lib/cases/class.rb"
    },
    {
      "Path": "Sample/$classmethods/my_array",
      "Format": "text/html",
      "Data": "\u003cdiv class=\"method_body\"\u003e\u003cdiv class=\"docstring\"\u003e\n  \u003cdiv class=\"discussion\"\u003e\n    \n\u003cp\u003edoc for Sample.my_array\u003c/p\u003e\n\n\n  \u003c/div\u003e\n\u003c/div\u003e\n\u003cdiv class=\"tags\"\u003e\n  \n\n\u003c/div\u003e\u003c/div\u003e",
      "File": "lib/ruby_gem.rb"
    },
    {
      "Path": "Sample/$classmethods/my_bool",
      "Format": "text/html",
      "Data": "\u003cdiv class=\"method_body\"\u003e\u003cdiv class=\"docstring\"\u003e\n  \u003cdiv class=\"discussion\"\u003e\n    \n\u003cp\u003edoc for Sample.my_bool\u003c/p\u003e\n\n\n  \u003c/div\u003e\n\u003c/div\u003e\n\u003cdiv class=\"tags\"\u003e\n  \n\n\u003c/div\u003e\u003c/div\u003e",
      "File": "lib/ruby_gem.rb"
    },
    {
      "Path": "Sample/$classmethods/my_hash",
      "Format": "text/html",
      "Data": "\u003cdiv class=\"method_body\"\u003e\u003cdiv class=\"docstring\"\u003e\n  \u003cdiv class=\"discussion\"\u003e\n    \n\u003cp\u003edoc for Sample.my_hash\u003c/p\u003e\n\n\n  \u003c/div\u003e\n\u003c/div\u003e\n\u003cdiv class=\"tags\"\u003e\n  \n\n\u003c/div\u003e\u003c/div\u003e",
      "File": "lib/ruby_gem.rb"
    },
    {
      "Path": "Sample/$classmethods/my_int",
      "Format": "text/html",
      "Data": "\u003cdiv class=\"method_body\"\u003e\u003cdiv class=\"docstring\"\u003e\n  \u003cdiv class=\"discussion\"\u003e\n    \n\u003cp\u003edoc for Sample.my_int\u003c/p\u003e\n\n\n  \u003c/div\u003e\n\u003c/div\u003e\n\u003cdiv class=\"tags\"\u003e\n  \n\n\u003c/div\u003e\u003c/div\u003e",
      "File": "lib/ruby_gem.rb"
    },
    {
      "Path": "Sample/$classmethods/my_string",
      "Format": "text/html",
      "Data": "\u003cdiv class=\"method_body\"\u003e\u003cdiv class=\"docstring\"\u003e\n  \u003cdiv class=\"discussion\"\u003e\n    \n\u003cp\u003edoc for Sample.my_string\u003c/p\u003e\n\n\n  \u003c/div\u003e\n\u003c/div\u003e\n\u003cdiv class=\"tags\"\u003e\n  \n\n\u003c/div\u003e\u003c/div\u003e",
      "File": "lib/ruby_gem.rb"
    }
  ]
}