{
  "Defs": [
    {
      "Path": "A",
      "TreePath": "./A",
      "Kind": "type",
      "Name": "A",
      "Callable": false,
      "File": "lib/gem.rb",
      "DefStart": 16,
      "DefEnd": 94,
      "Exported": true,
      "Data": {
        "RubyKind": "class",
        "TypeString": "",
        "Signature": null,
        "Module": "",
        "RubyPath": "A",
        "ReturnType": ""
      }
    },
    {
      "Path": "A/$classmethods/method",
      "TreePath": "./A/method",
      "Kind": "func",
      "Name": "method",
      "Callable": false,
      "File": "lib/gem.rb",
      "DefStart": 26,
      "DefEnd": 90,
      "Exported": true,
      "Data": {
        "RubyKind": "method",
        "TypeString": "",
        "Signature": "self.method",
        "Module": "",
        "RubyPath": "A.method",
        "ReturnType": ""
      }
    },
    {
      "Path": "A@_local_0@method@t",
      "TreePath": "./A/method/t",
      "Kind": "var",
      "Name": "t",
      "Callable": false,
      "File": "lib/gem.rb",
      "DefStart": 46,
      "DefEnd": 76,
      "Exported": true,
      "Data": {
        "RubyKind": "localvariable",
        "TypeString": "",
        "Signature": null,
        "Module": "",
        "RubyPath": "A\u003e_local_0\u003emethod\u003et",
        "ReturnType": ""
      }
    }
  ],
  "Refs": [
    {
      "DefRepo": "",
      "DefUnitType": "",
      "DefUnit": "",
      "DefPath": "A/$classmethods/method",
      "Def": true,
      "Repo": "",
      "File": "lib/gem.rb",
      "Start": 35,
      "End": 41
    },
    {
      "DefRepo": "",
      "DefUnitType": "",
      "DefUnit": "",
      "DefPath": "A@_local_0@method@t",
      "Def": true,
      "Repo": "",
      "File": "lib/gem.rb",
      "Start": 46,
      "End": 47
    },
    {
      "DefRepo": "",
      "DefUnitType": "",
      "DefUnit": "",
      "DefPath": "A@_local_0@method@t",
      "Def": false,
      "Repo": "",
      "File": "lib/gem.rb",
      "Start": 83,
      "End": 84
    },
    {
      "DefRepo": "",
      "DefUnitType": "",
      "DefUnit": "",
      "DefPath": "A",
      "Def": true,
      "Repo": "",
      "File": "lib/gem.rb",
      "Start": 22,
      "End": 23
    },
    {
      "DefRepo": "",
      "DefUnitType": "",
      "DefUnit": "",
      "DefPath": "A",
      "Def": false,
      "Repo": "",
      "File": "lib/gem.rb",
      "Start": 30,
      "End": 34
    }
  ]
}