[
  {
    "Raw": [
      "ruby_gem",
      ">= 0"
    ],
    "Target": {
      "ToUnit": "ruby_gem",
      "ToUnitType": "rubygem",
      "ToVersionString": ">= 0",
      "ToRepoCloneURL": "https://example.com"
    }
  }
]
