{
  "Defs": [
    {
      "Path": "A",
      "Name": "A",
      "Kind": "type",
      "File": "subdir/lib/ruby_subdir_gem.rb",
      "DefStart": 0,
      "DefEnd": 12,
      "Exported": true,
      "Data": {
        "RubyKind": "class",
        "TypeString": "",
        "Signature": null,
        "Module": "",
        "RubyPath": "A",
        "ReturnType": ""
      },
      "TreePath": "./A"
    }
  ],
  "Refs": [
    {
      "DefPath": "A",
      "Def": true,
      "File": "subdir/lib/ruby_subdir_gem.rb",
      "Start": 6,
      "End": 7
    }
  ]
}