{"Name":"ruby_subdir_gem","Type":"rubygem","Repo":"github.com/sgtest/ruby-subdir-gem","Globs":null,"Files":["subdir/lib/ruby_subdir_gem.rb"],"Dir":"subdir","Data":{"authors":["Ron Example"],"bindir":"bin","cert_chain":[],"dependencies":[],"description":"A sample Ruby gem for testing srclib-ruby","email":"ron@example.com","executables":[],"extensions":[],"extra_rdoc_files":[],"files":["lib/ruby_subdir_gem.rb"],"homepage":"https://example.com","licenses":["MIT"],"name":"ruby_subdir_gem","platform":"ruby","rdoc_options":[],"require_paths":["lib"],"required_ruby_version":"\u003e= 0","required_rubygems_version":"\u003e= 0","requirements":[],"summary":"Sample Ruby Gem with gemspec in a subdir","test_files":[],"version":"0.0.1"},"Ops":{"depresolve":null,"graph":null}}
