{"Name":"sample_ruby_gem","Type":"rubygem","Repo":"github.com/sgtest/sample_ruby_gem","Globs":null,"Files":["lib/sample_ruby_gem.rb"],"Dir":"","Dependencies":[["sample_ruby_gem","\u003e= 0"],["turbolinks","\u003e= 0"]],"Data":{"authors":["Quinn Slack"],"bindir":"bin","cert_chain":[],"date":"2013-09-27 00:00:00 UTC","dependencies":[],"description":"A sample Ruby gem for use with Sourcegraph","email":"sqs@sourcegraph.com","executables":[],"extensions":[],"extra_rdoc_files":[],"files":["lib/sample_ruby_gem.rb"],"homepage":"https://github.com/sourcegraph/sample_ruby_gem","licenses":["MIT"],"name":"sample_ruby_gem","platform":"ruby","rdoc_options":[],"require_paths":["lib"],"required_ruby_version":"\u003e= 0","required_rubygems_version":"\u003e= 0","requirements":[],"rubygems_version":"1.8.23","specification_version":3,"summary":"Sample Ruby Gem","test_files":[],"version":"0.0.1"},"Ops":{"depresolve":null,"graph":null}}
