{
  "Defs": [
    {
      "Path": "MY_GLOBAL_CONST",
      "TreePath": "./MY_GLOBAL_CONST",
      "Kind": "const",
      "Name": "MY_GLOBAL_CONST",
      "Callable": false,
      "File": "lib/sample_ruby_gem.rb",
      "DefStart": 564,
      "DefEnd": 585,
      "Exported": true,
      "Data": {
        "RubyKind": "constant",
        "TypeString": "Fixnum#",
        "Signature": null,
        "Module": "",
        "RubyPath": "MY_GLOBAL_CONST",
        "ReturnType": ""
      }
    },
    {
      "Path": "MY_SAMPLE",
      "TreePath": "./MY_SAMPLE",
      "Kind": "const",
      "Name": "MY_SAMPLE",
      "Callable": false,
      "File": "lib/sample_ruby_gem.rb",
      "DefStart": 807,
      "DefEnd": 832,
      "Exported": true,
      "Data": {
        "RubyKind": "constant",
        "TypeString": "Sample#",
        "Signature": null,
        "Module": "",
        "RubyPath": "MY_SAMPLE",
        "ReturnType": ""
      }
    },
    {
      "Path": "MY_URI",
      "TreePath": "./MY_URI",
      "Kind": "const",
      "Name": "MY_URI",
      "Callable": false,
      "File": "lib/sample_ruby_gem.rb",
      "DefStart": 666,
      "DefEnd": 700,
      "Exported": true,
      "Data": {
        "RubyKind": "constant",
        "TypeString": "",
        "Signature": null,
        "Module": "",
        "RubyPath": "MY_URI",
        "ReturnType": ""
      }
    },
    {
      "Path": "MY_URI_HOST",
      "TreePath": "./MY_URI_HOST",
      "Kind": "const",
      "Name": "MY_URI_HOST",
      "Callable": false,
      "File": "lib/sample_ruby_gem.rb",
      "DefStart": 701,
      "DefEnd": 726,
      "Exported": true,
      "Data": {
        "RubyKind": "constant",
        "TypeString": "",
        "Signature": null,
        "Module": "",
        "RubyPath": "MY_URI_HOST",
        "ReturnType": ""
      }
    },
    {
      "Path": "Sample",
      "TreePath": "./Sample",
      "Kind": "type",
      "Name": "Sample",
      "Callable": false,
      "File": "lib/sample_ruby_gem.rb",
      "DefStart": 0,
      "DefEnd": 562,
      "Exported": true,
      "Data": {
        "RubyKind": "class",
        "TypeString": "Sample",
        "Signature": null,
        "Module": "",
        "RubyPath": "Sample",
        "ReturnType": ""
      }
    },
    {
      "Path": "Sample/$classmethods/my_array",
      "TreePath": "./Sample/my_array",
      "Kind": "func",
      "Name": "my_array",
      "Callable": false,
      "File": "lib/sample_ruby_gem.rb",
      "DefStart": 320,
      "DefEnd": 363,
      "Exported": true,
      "Data": {
        "RubyKind": "method",
        "TypeString": "",
        "Signature": "self.my_array",
        "Module": "",
        "RubyPath": "Sample.my_array",
        "ReturnType": ""
      }
    },
    {
      "Path": "Sample/$classmethods/my_bool",
      "TreePath": "./Sample/my_bool",
      "Kind": "func",
      "Name": "my_bool",
      "Callable": false,
      "File": "lib/sample_ruby_gem.rb",
      "DefStart": 176,
      "DefEnd": 207,
      "Exported": true,
      "Data": {
        "RubyKind": "method",
        "TypeString": "",
        "Signature": "self.my_bool",
        "Module": "",
        "RubyPath": "Sample.my_bool",
        "ReturnType": ""
      }
    },
    {
      "Path": "Sample/$classmethods/my_hash",
      "TreePath": "./Sample/my_hash",
      "Kind": "func",
      "Name": "my_hash",
      "Callable": false,
      "File": "lib/sample_ruby_gem.rb",
      "DefStart": 238,
      "DefEnd": 288,
      "Exported": true,
      "Data": {
        "RubyKind": "method",
        "TypeString": "Sample.my_hash",
        "Signature": "self.my_hash",
        "Module": "",
        "RubyPath": "Sample.my_hash",
        "ReturnType": "Hash#"
      }
    },
    {
      "Path": "Sample/$classmethods/my_int",
      "TreePath": "./Sample/my_int",
      "Kind": "func",
      "Name": "my_int",
      "Callable": false,
      "File": "lib/sample_ruby_gem.rb",
      "DefStart": 116,
      "DefEnd": 145,
      "Exported": true,
      "Data": {
        "RubyKind": "method",
        "TypeString": "",
        "Signature": "self.my_int",
        "Module": "",
        "RubyPath": "Sample.my_int",
        "ReturnType": ""
      }
    },
    {
      "Path": "Sample/$classmethods/my_string",
      "TreePath": "./Sample/my_string",
      "Kind": "func",
      "Name": "my_string",
      "Callable": false,
      "File": "lib/sample_ruby_gem.rb",
      "DefStart": 44,
      "DefEnd": 86,
      "Exported": true,
      "Data": {
        "RubyKind": "method",
        "TypeString": "",
        "Signature": "self.my_string",
        "Module": "",
        "RubyPath": "Sample.my_string",
        "ReturnType": ""
      }
    },
    {
      "Path": "Sample/$methods/initialize",
      "TreePath": "./Sample/initialize",
      "Kind": "func",
      "Name": "initialize",
      "Callable": false,
      "File": "lib/sample_ruby_gem.rb",
      "DefStart": 367,
      "DefEnd": 401,
      "Exported": true,
      "Data": {
        "RubyKind": "method",
        "TypeString": "",
        "Signature": "initialize(i)",
        "Module": "",
        "RubyPath": "Sample#initialize",
        "ReturnType": ""
      }
    },
    {
      "Path": "Sample/$methods/my_method",
      "TreePath": "./Sample/my_method",
      "Kind": "func",
      "Name": "my_method",
      "Callable": false,
      "File": "lib/sample_ruby_gem.rb",
      "DefStart": 405,
      "DefEnd": 540,
      "Exported": true,
      "Data": {
        "RubyKind": "method",
        "TypeString": "",
        "Signature": "my_method(a, b)",
        "Module": "",
        "RubyPath": "Sample#my_method",
        "ReturnType": ""
      }
    },
    {
      "Path": "Sample/@i",
      "TreePath": "./Sample/@i",
      "Kind": "var",
      "Name": "@i",
      "Callable": false,
      "File": "lib/sample_ruby_gem.rb",
      "DefStart": 389,
      "DefEnd": 395,
      "Exported": false,
      "Data": {
        "RubyKind": "instancevariable",
        "TypeString": "",
        "Signature": null,
        "Module": "",
        "RubyPath": "Sample::@i",
        "ReturnType": ""
      }
    },
    {
      "Path": "Sample/MY_CONST",
      "TreePath": "./Sample/MY_CONST",
      "Kind": "const",
      "Name": "MY_CONST",
      "Callable": false,
      "File": "lib/sample_ruby_gem.rb",
      "DefStart": 544,
      "DefEnd": 558,
      "Exported": true,
      "Data": {
        "RubyKind": "constant",
        "TypeString": "Fixnum#",
        "Signature": null,
        "Module": "",
        "RubyPath": "Sample::MY_CONST",
        "ReturnType": ""
      }
    },
    {
      "Path": "Sample@_local_0@/$methods/initialize@i",
      "TreePath": "./Sample/initialize/i",
      "Kind": "var",
      "Name": "i",
      "Callable": false,
      "File": "lib/sample_ruby_gem.rb",
      "DefStart": 382,
      "DefEnd": 383,
      "Exported": true,
      "Data": {
        "RubyKind": "localvariable",
        "TypeString": "",
        "Signature": null,
        "Module": "",
        "RubyPath": "Sample\u003e_local_0\u003e#initialize\u003ei",
        "ReturnType": ""
      }
    },
    {
      "Path": "Sample@_local_0@/$methods/my_method@a",
      "TreePath": "./Sample/my_method/a",
      "Kind": "var",
      "Name": "a",
      "Callable": false,
      "File": "lib/sample_ruby_gem.rb",
      "DefStart": 419,
      "DefEnd": 420,
      "Exported": true,
      "Data": {
        "RubyKind": "localvariable",
        "TypeString": "",
        "Signature": null,
        "Module": "",
        "RubyPath": "Sample\u003e_local_0\u003e#my_method\u003ea",
        "ReturnType": ""
      }
    },
    {
      "Path": "Sample@_local_0@/$methods/my_method@b",
      "TreePath": "./Sample/my_method/b",
      "Kind": "var",
      "Name": "b",
      "Callable": false,
      "File": "lib/sample_ruby_gem.rb",
      "DefStart": 439,
      "DefEnd": 449,
      "Exported": true,
      "Data": {
        "RubyKind": "localvariable",
        "TypeString": "String#",
        "Signature": null,
        "Module": "",
        "RubyPath": "Sample\u003e_local_0\u003e#my_method\u003eb",
        "ReturnType": ""
      }
    },
    {
      "Path": "Sample@_local_0@/$methods/my_method@c",
      "TreePath": "./Sample/my_method/c",
      "Kind": "var",
      "Name": "c",
      "Callable": false,
      "File": "lib/sample_ruby_gem.rb",
      "DefStart": 429,
      "DefEnd": 434,
      "Exported": true,
      "Data": {
        "RubyKind": "localvariable",
        "TypeString": "Fixnum#",
        "Signature": null,
        "Module": "",
        "RubyPath": "Sample\u003e_local_0\u003e#my_method\u003ec",
        "ReturnType": ""
      }
    },
    {
      "Path": "Sample@_local_0@/$methods/my_method@l",
      "TreePath": "./Sample/my_method/l",
      "Kind": "var",
      "Name": "l",
      "Callable": false,
      "File": "lib/sample_ruby_gem.rb",
      "DefStart": 454,
      "DefEnd": 466,
      "Exported": true,
      "Data": {
        "RubyKind": "localvariable",
        "TypeString": "",
        "Signature": null,
        "Module": "",
        "RubyPath": "Sample\u003e_local_0\u003e#my_method\u003el",
        "ReturnType": ""
      }
    },
    {
      "Path": "file:lib/sample_ruby_gem_rb_local_0@@block_local_0@t",
      "TreePath": "./file:lib/sample_ruby_gem_rb_local_0/@block_local_0/t",
      "Kind": "var",
      "Name": "t",
      "Callable": false,
      "File": "lib/sample_ruby_gem.rb",
      "DefStart": 635,
      "DefEnd": 636,
      "Exported": true,
      "Data": {
        "RubyKind": "localvariable",
        "TypeString": "",
        "Signature": null,
        "Module": "",
        "RubyPath": "file:lib/sample_ruby_gem.rb_local_0\u003e@block_local_0\u003et",
        "ReturnType": ""
      }
    },
    {
      "Path": "file:lib/sample_ruby_gem_rb_local_0@ip",
      "TreePath": "./file:lib/sample_ruby_gem_rb_local_0/ip",
      "Kind": "var",
      "Name": "ip",
      "Callable": false,
      "File": "lib/sample_ruby_gem.rb",
      "DefStart": 761,
      "DefEnd": 789,
      "Exported": true,
      "Data": {
        "RubyKind": "localvariable",
        "TypeString": "IPAddr#",
        "Signature": null,
        "Module": "",
        "RubyPath": "file:lib/sample_ruby_gem.rb_local_0\u003eip",
        "ReturnType": ""
      }
    },
    {
      "Path": "file:lib/sample_ruby_gem_rb_local_0@my_global_var",
      "TreePath": "./file:lib/sample_ruby_gem_rb_local_0/my_global_var",
      "Kind": "var",
      "Name": "my_global_var",
      "Callable": false,
      "File": "lib/sample_ruby_gem.rb",
      "DefStart": 587,
      "DefEnd": 619,
      "Exported": true,
      "Data": {
        "RubyKind": "localvariable",
        "TypeString": "String#",
        "Signature": null,
        "Module": "",
        "RubyPath": "file:lib/sample_ruby_gem.rb_local_0\u003emy_global_var",
        "ReturnType": ""
      }
    },
    {
      "Path": "file:lib/sample_ruby_gem_rb_local_0@my_sample",
      "TreePath": "./file:lib/sample_ruby_gem_rb_local_0/my_sample",
      "Kind": "var",
      "Name": "my_sample",
      "Callable": false,
      "File": "lib/sample_ruby_gem.rb",
      "DefStart": 833,
      "DefEnd": 854,
      "Exported": true,
      "Data": {
        "RubyKind": "localvariable",
        "TypeString": "Sample#",
        "Signature": null,
        "Module": "",
        "RubyPath": "file:lib/sample_ruby_gem.rb_local_0\u003emy_sample",
        "ReturnType": ""
      }
    }
  ],
  "Refs": [
    {
      "DefRepo": "",
      "DefUnitType": "",
      "DefUnit": "",
      "DefPath": "MY_GLOBAL_CONST",
      "Def": true,
      "Repo": "",
      "File": "lib/sample_ruby_gem.rb",
      "Start": 564,
      "End": 579
    },
    {
      "DefRepo": "",
      "DefUnitType": "",
      "DefUnit": "",
      "DefPath": "MY_SAMPLE",
      "Def": true,
      "Repo": "",
      "File": "lib/sample_ruby_gem.rb",
      "Start": 807,
      "End": 816
    },
    {
      "DefRepo": "",
      "DefUnitType": "",
      "DefUnit": "",
      "DefPath": "MY_SAMPLE",
      "Def": false,
      "Repo": "",
      "File": "lib/sample_ruby_gem.rb",
      "Start": 845,
      "End": 854
    },
    {
      "DefRepo": "",
      "DefUnitType": "",
      "DefUnit": "",
      "DefPath": "MY_URI_HOST",
      "Def": true,
      "Repo": "",
      "File": "lib/sample_ruby_gem.rb",
      "Start": 701,
      "End": 712
    },
    {
      "DefRepo": "",
      "DefUnitType": "",
      "DefUnit": "",
      "DefPath": "MY_URI",
      "Def": true,
      "Repo": "",
      "File": "lib/sample_ruby_gem.rb",
      "Start": 666,
      "End": 672
    },
    {
      "DefRepo": "",
      "DefUnitType": "",
      "DefUnit": "",
      "DefPath": "MY_URI",
      "Def": false,
      "Repo": "",
      "File": "lib/sample_ruby_gem.rb",
      "Start": 715,
      "End": 721
    },
    {
      "DefRepo": "",
      "DefUnitType": "",
      "DefUnit": "",
      "DefPath": "Sample/$classmethods/my_array",
      "Def": true,
      "Repo": "",
      "File": "lib/sample_ruby_gem.rb",
      "Start": 329,
      "End": 337
    },
    {
      "DefRepo": "",
      "DefUnitType": "",
      "DefUnit": "",
      "DefPath": "Sample/$classmethods/my_bool",
      "Def": true,
      "Repo": "",
      "File": "lib/sample_ruby_gem.rb",
      "Start": 185,
      "End": 192
    },
    {
      "DefRepo": "",
      "DefUnitType": "",
      "DefUnit": "",
      "DefPath": "Sample/$classmethods/my_hash",
      "Def": true,
      "Repo": "",
      "File": "lib/sample_ruby_gem.rb",
      "Start": 247,
      "End": 254
    },
    {
      "DefRepo": "",
      "DefUnitType": "",
      "DefUnit": "",
      "DefPath": "Sample/$classmethods/my_hash",
      "Def": false,
      "Repo": "",
      "File": "lib/sample_ruby_gem.rb",
      "Start": 935,
      "End": 942
    },
    {
      "DefRepo": "",
      "DefUnitType": "",
      "DefUnit": "",
      "DefPath": "Sample/$classmethods/my_int",
      "Def": true,
      "Repo": "",
      "File": "lib/sample_ruby_gem.rb",
      "Start": 125,
      "End": 131
    },
    {
      "DefRepo": "",
      "DefUnitType": "",
      "DefUnit": "",
      "DefPath": "Sample/$classmethods/my_string",
      "Def": true,
      "Repo": "",
      "File": "lib/sample_ruby_gem.rb",
      "Start": 53,
      "End": 62
    },
    {
      "DefRepo": "",
      "DefUnitType": "",
      "DefUnit": "",
      "DefPath": "Sample/$methods/initialize",
      "Def": true,
      "Repo": "",
      "File": "lib/sample_ruby_gem.rb",
      "Start": 371,
      "End": 381
    },
    {
      "DefRepo": "",
      "DefUnitType": "",
      "DefUnit": "",
      "DefPath": "Sample/$methods/initialize",
      "Def": false,
      "Repo": "",
      "File": "lib/sample_ruby_gem.rb",
      "Start": 826,
      "End": 829
    },
    {
      "DefRepo": "",
      "DefUnitType": "",
      "DefUnit": "",
      "DefPath": "Sample/$methods/my_method",
      "Def": true,
      "Repo": "",
      "File": "lib/sample_ruby_gem.rb",
      "Start": 409,
      "End": 418
    },
    {
      "DefRepo": "",
      "DefUnitType": "",
      "DefUnit": "",
      "DefPath": "Sample/$methods/my_method",
      "Def": false,
      "Repo": "",
      "File": "lib/sample_ruby_gem.rb",
      "Start": 865,
      "End": 874
    },
    {
      "DefRepo": "",
      "DefUnitType": "",
      "DefUnit": "",
      "DefPath": "Sample/@i",
      "Def": true,
      "Repo": "",
      "File": "lib/sample_ruby_gem.rb",
      "Start": 389,
      "End": 391
    },
    {
      "DefRepo": "",
      "DefUnitType": "",
      "DefUnit": "",
      "DefPath": "Sample/@i",
      "Def": false,
      "Repo": "",
      "File": "lib/sample_ruby_gem.rb",
      "Start": 479,
      "End": 481
    },
    {
      "DefRepo": "",
      "DefUnitType": "",
      "DefUnit": "",
      "DefPath": "Sample/@i",
      "Def": false,
      "Repo": "",
      "File": "lib/sample_ruby_gem.rb",
      "Start": 527,
      "End": 529
    },
    {
      "DefRepo": "",
      "DefUnitType": "",
      "DefUnit": "",
      "DefPath": "Sample/MY_CONST",
      "Def": true,
      "Repo": "",
      "File": "lib/sample_ruby_gem.rb",
      "Start": 544,
      "End": 552
    },
    {
      "DefRepo": "",
      "DefUnitType": "",
      "DefUnit": "",
      "DefPath": "Sample@_local_0@/$methods/initialize@i",
      "Def": true,
      "Repo": "",
      "File": "lib/sample_ruby_gem.rb",
      "Start": 371,
      "End": 372
    },
    {
      "DefRepo": "",
      "DefUnitType": "",
      "DefUnit": "",
      "DefPath": "Sample@_local_0@/$methods/initialize@i",
      "Def": false,
      "Repo": "",
      "File": "lib/sample_ruby_gem.rb",
      "Start": 394,
      "End": 395
    },
    {
      "DefRepo": "",
      "DefUnitType": "",
      "DefUnit": "",
      "DefPath": "Sample@_local_0@/$methods/my_method@a",
      "Def": true,
      "Repo": "",
      "File": "lib/sample_ruby_gem.rb",
      "Start": 419,
      "End": 420
    },
    {
      "DefRepo": "",
      "DefUnitType": "",
      "DefUnit": "",
      "DefPath": "Sample@_local_0@/$methods/my_method@a",
      "Def": false,
      "Repo": "",
      "File": "lib/sample_ruby_gem.rb",
      "Start": 510,
      "End": 511
    },
    {
      "DefRepo": "",
      "DefUnitType": "",
      "DefUnit": "",
      "DefPath": "Sample@_local_0@/$methods/my_method@b",
      "Def": true,
      "Repo": "",
      "File": "lib/sample_ruby_gem.rb",
      "Start": 439,
      "End": 440
    },
    {
      "DefRepo": "",
      "DefUnitType": "",
      "DefUnit": "",
      "DefPath": "Sample@_local_0@/$methods/my_method@b",
      "Def": false,
      "Repo": "",
      "File": "lib/sample_ruby_gem.rb",
      "Start": 458,
      "End": 459
    },
    {
      "DefRepo": "",
      "DefUnitType": "",
      "DefUnit": "",
      "DefPath": "Sample@_local_0@/$methods/my_method@b",
      "Def": false,
      "Repo": "",
      "File": "lib/sample_ruby_gem.rb",
      "Start": 486,
      "End": 487
    },
    {
      "DefRepo": "",
      "DefUnitType": "",
      "DefUnit": "",
      "DefPath": "Sample@_local_0@/$methods/my_method@b",
      "Def": false,
      "Repo": "",
      "File": "lib/sample_ruby_gem.rb",
      "Start": 518,
      "End": 519
    },
    {
      "DefRepo": "",
      "DefUnitType": "",
      "DefUnit": "",
      "DefPath": "Sample@_local_0@/$methods/my_method@c",
      "Def": true,
      "Repo": "",
      "File": "lib/sample_ruby_gem.rb",
      "Start": 429,
      "End": 430
    },
    {
      "DefRepo": "",
      "DefUnitType": "",
      "DefUnit": "",
      "DefPath": "Sample@_local_0@/$methods/my_method@l",
      "Def": true,
      "Repo": "",
      "File": "lib/sample_ruby_gem.rb",
      "Start": 454,
      "End": 455
    },
    {
      "DefRepo": "",
      "DefUnitType": "",
      "DefUnit": "",
      "DefPath": "Sample@_local_0@/$methods/my_method@l",
      "Def": false,
      "Repo": "",
      "File": "lib/sample_ruby_gem.rb",
      "Start": 502,
      "End": 503
    },
    {
      "DefRepo": "",
      "DefUnitType": "",
      "DefUnit": "",
      "DefPath": "Sample",
      "Def": false,
      "Repo": "",
      "File": "lib/sample_ruby_gem.rb",
      "Start": 120,
      "End": 124
    },
    {
      "DefRepo": "",
      "DefUnitType": "",
      "DefUnit": "",
      "DefPath": "Sample",
      "Def": false,
      "Repo": "",
      "File": "lib/sample_ruby_gem.rb",
      "Start": 180,
      "End": 184
    },
    {
      "DefRepo": "",
      "DefUnitType": "",
      "DefUnit": "",
      "DefPath": "Sample",
      "Def": false,
      "Repo": "",
      "File": "lib/sample_ruby_gem.rb",
      "Start": 242,
      "End": 246
    },
    {
      "DefRepo": "",
      "DefUnitType": "",
      "DefUnit": "",
      "DefPath": "Sample",
      "Def": false,
      "Repo": "",
      "File": "lib/sample_ruby_gem.rb",
      "Start": 324,
      "End": 328
    },
    {
      "DefRepo": "",
      "DefUnitType": "",
      "DefUnit": "",
      "DefPath": "Sample",
      "Def": false,
      "Repo": "",
      "File": "lib/sample_ruby_gem.rb",
      "Start": 48,
      "End": 52
    },
    {
      "DefRepo": "",
      "DefUnitType": "",
      "DefUnit": "",
      "DefPath": "Sample",
      "Def": true,
      "Repo": "",
      "File": "lib/sample_ruby_gem.rb",
      "Start": 6,
      "End": 12
    },
    {
      "DefRepo": "",
      "DefUnitType": "",
      "DefUnit": "",
      "DefPath": "Sample",
      "Def": false,
      "Repo": "",
      "File": "lib/sample_ruby_gem.rb",
      "Start": 819,
      "End": 825
    },
    {
      "DefRepo": "",
      "DefUnitType": "",
      "DefUnit": "",
      "DefPath": "Sample",
      "Def": false,
      "Repo": "",
      "File": "lib/sample_ruby_gem.rb",
      "Start": 928,
      "End": 934
    },
    {
      "DefRepo": "github.com/ruby/ruby",
      "DefUnitType": "ruby",
      "DefUnit": ".",
      "DefPath": "String/$methods/length",
      "Def": false,
      "Repo": "",
      "File": "lib/sample_ruby_gem.rb",
      "Start": 460,
      "End": 466
    },
    {
      "DefRepo": "github.com/ruby/ruby",
      "DefUnitType": "ruby",
      "DefUnit": ".",
      "DefPath": "URI/LDAP",
      "Def": false,
      "Repo": "",
      "File": "lib/sample_ruby_gem.rb",
      "Start": 738,
      "End": 742
    },
    {
      "DefRepo": "github.com/ruby/ruby",
      "DefUnitType": "ruby",
      "DefUnit": ".",
      "DefPath": "URI",
      "Def": false,
      "Repo": "",
      "File": "lib/sample_ruby_gem.rb",
      "Start": 733,
      "End": 736
    },
    {
      "DefRepo": "",
      "DefUnitType": "",
      "DefUnit": "",
      "DefPath": "file:lib/sample_ruby_gem_rb_local_0@@block_local_0@t",
      "Def": true,
      "Repo": "",
      "File": "lib/sample_ruby_gem.rb",
      "Start": 635,
      "End": 636
    },
    {
      "DefRepo": "",
      "DefUnitType": "",
      "DefUnit": "",
      "DefPath": "file:lib/sample_ruby_gem_rb_local_0@@block_local_0@t",
      "Def": false,
      "Repo": "",
      "File": "lib/sample_ruby_gem.rb",
      "Start": 645,
      "End": 646
    },
    {
      "DefRepo": "",
      "DefUnitType": "",
      "DefUnit": "",
      "DefPath": "file:lib/sample_ruby_gem_rb_local_0@ip",
      "Def": true,
      "Repo": "",
      "File": "lib/sample_ruby_gem.rb",
      "Start": 761,
      "End": 763
    },
    {
      "DefRepo": "",
      "DefUnitType": "",
      "DefUnit": "",
      "DefPath": "file:lib/sample_ruby_gem_rb_local_0@ip",
      "Def": false,
      "Repo": "",
      "File": "lib/sample_ruby_gem.rb",
      "Start": 795,
      "End": 797
    },
    {
      "DefRepo": "",
      "DefUnitType": "",
      "DefUnit": "",
      "DefPath": "file:lib/sample_ruby_gem_rb_local_0@my_global_var",
      "Def": true,
      "Repo": "",
      "File": "lib/sample_ruby_gem.rb",
      "Start": 587,
      "End": 600
    },
    {
      "DefRepo": "",
      "DefUnitType": "",
      "DefUnit": "",
      "DefPath": "file:lib/sample_ruby_gem_rb_local_0@my_sample",
      "Def": true,
      "Repo": "",
      "File": "lib/sample_ruby_gem.rb",
      "Start": 833,
      "End": 842
    },
    {
      "DefRepo": "",
      "DefUnitType": "",
      "DefUnit": "",
      "DefPath": "file:lib/sample_ruby_gem_rb_local_0@my_sample",
      "Def": false,
      "Repo": "",
      "File": "lib/sample_ruby_gem.rb",
      "Start": 855,
      "End": 864
    },
    {
      "DefRepo": "",
      "DefUnitType": "",
      "DefUnit": "",
      "DefPath": "file:lib/sample_ruby_gem_rb_local_0@my_sample",
      "Def": false,
      "Repo": "",
      "File": "lib/sample_ruby_gem.rb",
      "Start": 899,
      "End": 908
    }
  ],
  "Docs": [
    {
      "Path": "Sample/$classmethods/my_array",
      "Format": "text/html",
      "Data": "\u003cdiv class=\"method_body\"\u003e\u003cdiv class=\"docstring\"\u003e\n  \u003cdiv class=\"discussion\"\u003e\n    \n\u003cp\u003edoc for Sample.my_array\u003c/p\u003e\n\n\n  \u003c/div\u003e\n\u003c/div\u003e\n\u003cdiv class=\"tags\"\u003e\n  \n\n\u003c/div\u003e\u003c/div\u003e",
      "File": "lib/sample_ruby_gem.rb",
      "Start": 0,
      "End": 0
    },
    {
      "Path": "Sample/$classmethods/my_bool",
      "Format": "text/html",
      "Data": "\u003cdiv class=\"method_body\"\u003e\u003cdiv class=\"docstring\"\u003e\n  \u003cdiv class=\"discussion\"\u003e\n    \n\u003cp\u003edoc for Sample.my_bool\u003c/p\u003e\n\n\n  \u003c/div\u003e\n\u003c/div\u003e\n\u003cdiv class=\"tags\"\u003e\n  \n\n\u003c/div\u003e\u003c/div\u003e",
      "File": "lib/sample_ruby_gem.rb",
      "Start": 0,
      "End": 0
    },
    {
      "Path": "Sample/$classmethods/my_hash",
      "Format": "text/html",
      "Data": "\u003cdiv class=\"method_body\"\u003e\u003cdiv class=\"docstring\"\u003e\n  \u003cdiv class=\"discussion\"\u003e\n    \n\u003cp\u003edoc for Sample.my_hash\u003c/p\u003e\n\n\n  \u003c/div\u003e\n\u003c/div\u003e\n\u003cdiv class=\"tags\"\u003e\n  \n\n\u003c/div\u003e\u003c/div\u003e",
      "File": "lib/sample_ruby_gem.rb",
      "Start": 0,
      "End": 0
    },
    {
      "Path": "Sample/$classmethods/my_int",
      "Format": "text/html",
      "Data": "\u003cdiv class=\"method_body\"\u003e\u003cdiv class=\"docstring\"\u003e\n  \u003cdiv class=\"discussion\"\u003e\n    \n\u003cp\u003edoc for Sample.my_int\u003c/p\u003e\n\n\n  \u003c/div\u003e\n\u003c/div\u003e\n\u003cdiv class=\"tags\"\u003e\n  \n\n\u003c/div\u003e\u003c/div\u003e",
      "File": "lib/sample_ruby_gem.rb",
      "Start": 0,
      "End": 0
    },
    {
      "Path": "Sample/$classmethods/my_string",
      "Format": "text/html",
      "Data": "\u003cdiv class=\"method_body\"\u003e\u003cdiv class=\"docstring\"\u003e\n  \u003cdiv class=\"discussion\"\u003e\n    \n\u003cp\u003edoc for Sample.my_string\u003c/p\u003e\n\n\n  \u003c/div\u003e\n\u003c/div\u003e\n\u003cdiv class=\"tags\"\u003e\n  \n\n\u003c/div\u003e\u003c/div\u003e",
      "File": "lib/sample_ruby_gem.rb",
      "Start": 0,
      "End": 0
    }
  ]
}